<?xml version='1.0' encoding='utf-8'?>
<testsuites name="seat_heating_controller_milsil" tests="2" errors="0" failures="0" skipped="0" timestamp="2025-04-14T10:16:59.679743" time="10"><testsuite name="Requirements-based Tests SIL" tests="2" errors="0" failures="0" skipped="0"><testcase name="testHeatingCycle" classname="seat_heating_controller/Subsystem/seat_heating_controller" /><testcase name="test_condition_check" classname="seat_heating_controller/Subsystem/seat_heating_controller/activation_condition_check" /></testsuite></testsuites>